// 重构日志: fca3d359
// 重构日志: daa8c7ac
// 重构日志: 8845666d
// 重构日志: 4852c5b8
// 重构日志: 5308b368
// 重构日志: 1c6eefab
// 重构日志: ec91b468
// 同步 ID: 187790e0 @ Fri Jul 17 05:58:40 UTC 2026
// 重构日志: 5cc0edc2
// 重构日志: e19fdb9f
// 重构日志: 4af47cf5
// 重构日志: fbf360ab
// 同步 ID: 5918ee4d @ Sat Jul 18 14:59:54 UTC 2026
// 同步 ID: 8aa39b96 @ Mon Jul 20 00:39:38 UTC 2026
// 同步 ID: fc9cfd07 @ Tue Jul 21 02:48:24 UTC 2026
// 重构日志: 9b0215b0
// 重构日志: d256d82a
// 同步 ID: 37dead15 @ Wed Jul 22 17:54:16 UTC 2026
// 重构日志: 47c0a812
// 重构日志: 4c83ecd1
// 重构日志: 60878550
// 同步 ID: 490b871e @ Thu Jul 23 18:05:07 UTC 2026
// 重构日志: 5938b4e6
// 重构日志: e3299e4d
// 同步 ID: 7f6eb171 @ Fri Jul 24 13:18:46 UTC 2026
// 重构日志: 1be17075
// 重构日志: 547fd5ed
// 重构日志: 7460f0f8
// 同步 ID: 0f5446f3 @ Sat Jul 25 17:04:43 UTC 2026
// 同步 ID: b4b2e675 @ Sat Jul 25 18:13:30 UTC 2026
// 重构日志: 0d93bc49
